space.map 1
size 111 111
legend " " None
legend "#" space.map.cell.wall.Wall
legend "." space.map.cell.cell.Floor
legend ":" space.map.cell.cell.Corridor

                                                       #
                                                    ###.###
                                                   #.......#
                                                  #.........#
                                                 #...........#
                                                 #...........#
                               #                 #...........#                 #
                            ###.###             #.............#             ###.###
                           #.......#             #...........#             #.......#
                          #.........#            #...........#            #.........#
                         #...........#           #...........#           #...........#
                         #...........#            #.........#            #...........#
                         #...........#             #.......#             #...........#
                        #.............#             ###.###             #.............#
                         #...........#                #:#                #...........#
                         #...........#         #######:::#######         #...........#
                         #...........#     ####:::::::::::::::::####     #...........#
                          #.........#   ###:::::::::::::::::::::::::###   #.........#
                           #.......#  ##:::::::::::::::::::::::::::::::##  #.......#
                            ###.##.:##:::::::::#######:::#######:::::::::##:.##.###
                               ##:::::::::::###      #:::#      ###:::::::::::##
                                 #:::::::###         #:::#         ###:::::::#
                               ##::::::##            #:::#            ##::::::##
                              #::::::::#             #:::#             #::::::::#
             #               #:::::#:::#             #:::#             #:::#:::::#               #
          ###.###           #:::::##::::#            #:::#            #::::##:::::#           ###.###
         #.......#         #:::::#  #:::#            #:::#            #:::#  #:::::#         #.......#
        #.........#       #::::##   #::::#           #:::#           #::::#   ##::::#       #.........#
       #...........#     #::::#      #:::#           #:::#           #:::#      #::::#     #...........#
       #...........#    #::::#        #:::#          #:::#          #:::#        #::::#    #...........#
       #...........#   #::::#         #::::#         #:::#         #::::#         #::::#   #...........#
      #.............# #::::#           #:::#         #:::#         #:::#           #::::# #.............#
       #...........#  #::::#           #::::#        #:::#        #::::#           #::::# ##...........#
       #...........###::::#             #:::#        #:::#        #:::#             #::::#:#...........#
       #............:::::#               #:::#       #:::#       #:::#               #:::::............#
        #.........#:::::#                #::::#      #:::#      #::::#               ##:::::#.........#
         #.......##:::::##                #:::#  #####:.:#####  #:::#              ##::::::# #.......#
          ###.###  #::::::##              #::::##.............##::::#             #::::::::#  ###.###
             #    #:::::::::##             #:::.................:::#            ##::::::::::#    #
                  #:::##::::::##           #:.....................:#          ##::::::###:::#
                 #::::# #:::::::#          #.......................#         #::::::##  #::::#
                 #:::#   ##::::::##       #.........................#      ##:::::##     #:::#
                 #:::#     ##::::::##    #...........................#   ##::::::#       #:::#
                #::::#       ##::::::## #.............................###::::::##        #::::#
                #:::#          ##::::::#...............................::::::##           #:::#
                #:::#            #:::::.................................::::#             #:::#
                #:::#             ##:::.................................::##              #:::#
               #:::#                ##...................................#                 #:::#
       #       #:::#                 #...................................#                 #:::#       #
    ###.###    #:::#                #.....................................#                #:::#    ###.###
   #.......#   #:::#                #.....................................#                #:::#   #.......#
  #.........#  #:::#                #.....................................#                #:::#  #.........#
 #...........# #:::#                #.....................................#                #:::# #...........#
 #...........# #:::##################.....................................##################:::# #...........#
 #...........##::::::::::::::::::::::.....................................::::::::::::::::::::::##...........#
#.............::::::::::::::::::::::.......................................::::::::::::::::::::::.............#
 #...........##::::::::::::::::::::::.....................................::::::::::::::::::::::##...........#
 #...........# #:::##################.....................................##################:::# #...........#
 #...........# #:::#                #.....................................#                #:::# #...........#
  #.........#  #:::#                #.....................................#                #:::#  #.........#
   #.......#   #:::#                #.....................................#                #:::#   #.......#
    ###.###    #:::#                #.....................................#                #:::#    ###.###
       #       #:::#                 #...................................#                 #:::#       #
               #:::#                ##...................................##                #:::#
                #:::#             ##:::.................................:::##             #:::#
                #:::#            #:::::.................................:::::#            #:::#
                #:::#          ##::::::#...............................#::::::##          #:::#
                #::::#       ##::::::## #.............................# ##::::::##       #::::#
                 #:::#     ##::::::##    #...........................#    ##::::::##     #:::#
                 #:::#   ##::::::##       #.........................#       ##::::::##   #:::#
                 #::::# #:::::::#          #.......................#          #:::::::# #::::#
                  #:::##::::::##            #.....................:#           ##::::::##:::#
             #    #:::::::::##             #:::.................:::#             ##:::::::::#    #
          ###.###  #::::::##               #:::##.............##::::#              ##::::::#  ###.###
         #.......##:::::##                #::::# #####:.:#####  #:::#                ##:::::##.......#
        #.........#:::::#                 #:::#      #:::#      #::::#                #:::::#.........#
       #............:::::#               #::::#      #:::#       #:::#               #:::::............#
       #...........###::::#              #:::#       #:::#        #:::#             #::::###...........#
       #...........#  #::::#            #:::#        #:::#        #::::#           #::::#  #...........#
      #.............# #::::#           #::::#        #:::#         #:::#           #::::# #.............#
       #...........#   #::::#          #:::#         #:::#         #::::#         #::::#   #...........#
       #...........#    #::::#        #::::#         #:::#          #:::#        #::::#    #...........#
       #...........#     #::::#       #:::#          #:::#           #:::#      #::::#     #...........#
        #.........#       #::::##    #::::#          #:::#           #::::#   ##::::#       #.........#
         #.......#         #:::::#   #:::#           #:::#            #:::#  #:::::#         #.......#
          ###.###           #:::::# #::::#           #:::#            #::::##:::::#           ###.###
             #               #:::::##:::#            #:::#             #:::#:::::#               #
                              #::::::::#             #:::#             #::::::::#
                               ##::::::##            #:::#            ##::::::##
                                 #:::::::###         #:::#         ###:::::::#
                               # #::::::::::###      #:::#      ###:::::::::::##
                            ###.##.::#:::::::::#######:::#######:::::::::##:.##.###
                           #.......## ##:::::::::::::::::::::::::::::::##  #.......#
                          #.........#   ###:::::::::::::::::::::::::###   #.........#
                         #...........#     ####:::::::::::::::::####     #...........#
                         #...........#         #######:::#######         #...........#
                         #...........#                #:#                #...........#
                        #.............#             ###.###             #.............#
                         #...........#             #.......#             #...........#
                         #...........#            #.........#            #...........#
                         #...........#           #...........#           #...........#
                          #.........#            #...........#            #.........#
                           #.......#             #...........#             #.......#
                            ###.###             #.............#             ###.###
                               #                 #...........#                 #
                                                 #...........#
                                                 #...........#
                                                  #.........#
                                                   #.......#
                                                    ###.###
                                                       #
